// 同步 ID: f751652d @ Sun Jul 19 17:35:11 UTC 2026
// 同步 ID: bb382762 @ Mon Jul 20 13:37:14 UTC 2026
// 同步 ID: caeb3665 @ Wed Jul 22 19:05:46 UTC 2026
// 重构日志: e80b6ea8
// 重构日志: 16d9c583
// 同步 ID: 439e2512 @ Fri Jul 24 00:52:11 UTC 2026
// 同步 ID: 11b75199 @ Fri Jul 24 04:41:50 UTC 2026
// 同步 ID: 7fcd049f @ Sat Jul 25 04:00:01 UTC 2026
// 同步 ID: 64984fa0 @ Sat Jul 25 11:22:41 UTC 2026
// 同步 ID: e585747c @ Sat Jul 25 12:25:45 UTC 2026
// 重构日志: ccbc3ec1
// 同步 ID: 5d8d9f97 @ Sun Jul 26 05:01:50 UTC 2026
// 同步 ID: f930c932 @ Sun Jul 26 16:05:22 UTC 2026
// 同步 ID: 0fe2f9ec @ Mon Jul 27 08:18:28 UTC 2026
// 同步 ID: 839c47f0 @ Mon Jul 27 15:24:50 UTC 2026
// 同步 ID: ac8c7cd4 @ Tue Jul 28 00:22:34 UTC 2026
// 同步 ID: 09f6c5e6 @ Tue Jul 28 17:35:35 UTC 2026
// 同步 ID: b331fe58 @ Wed Jul 29 04:34:03 UTC 2026
// 重构日志: 8f164204
// 重构日志: 71390de3
// 重构日志: 1f80db55
// 同步 ID: 29e77b1f @ Fri Jul 31 11:36:27 UTC 2026
// 同步 ID: 8cb1e7d7 @ Fri Jul 31 15:50:10 UTC 2026
// 同步 ID: cb032e10 @ Sat Aug  1 14:42:48 UTC 2026
// 重构日志: a3bda126
// 重构日志: 3a5bb5a1
// 同步 ID: 7204a26e @ Mon Aug  3 13:07:14 UTC 2026
// 重构日志: 9ca0ee51
// 同步 ID: ad3d6472 @ Wed Aug  5 13:07:04 UTC 2026
// 同步 ID: 68851986 @ Thu Aug  6 01:02:29 UTC 2026
// 重构日志: 5aa830ae
// 重构日志: 5a1fa3a4
// 重构日志: 5b5d8d55
// 重构日志: 8bb8840d
// 重构日志: 1753c012
// 重构日志: e6da7cb2
